backend=mechlib
returncode=1

STDOUT:
/Users/weizhixin/AI4Mechanics/LeanMech/tmp/preproof_e_predict_20260517/.pipeline1_tmp/proof/mechlib/archive_part1-archive_part1_10_2_c1_nlinarith.lean:39:4: error: linarith failed to find a contradiction
case h1.h
m : Mass
F_r Fnet : Force
g a_after : Acceleration
drop_before_open : Length
t_after_open : Time
v_after_5s v0 v_open : Speed
given_mass : m.val = 60
given_drop_before_open : drop_before_open.val = 100
given_time_after_open : t_after_open.val = 5
given_speed_after_5s : v_after_5s.val = 43 / 10
given_initial_speed : v0.val = 0
given_gravity_value : g.val = 49 / 5
h_mi1_const_accel_relation : v_open.val * v_open.val = v0.val * v0.val + 2 * g.val * drop_before_open.val
h_mi2_net_force : Fnet.val = m.val * g.val - F_r.val
h_mi2_newton_2 : Fnet.val = m.val * a_after.val
h_mi3_velocity_time_relation : v_after_5s.val = v_open.val + a_after.val * t_after_open.val
h_mii1 : v_open.val * v_open.val = v0.val * v0.val + 2 * g.val * drop_before_open.val
h_mii2 : v_after_5s.val = v_open.val + a_after.val * t_after_open.val
h_mii3 : m.val * a_after.val = m.val * g.val - F_r.val
a✝ : F_r.val < 846
⊢ False
failed


STDERR:

