backend=mechlib
returncode=0

STDOUT:
/Users/weizhixin/AI4Mechanics/LeanMech/tmp/manual_e_failure_analysis/.pipeline1_tmp/proof/mechlib/lean4phys-university_mechanics_Mechanics_73_University_c1_manual_aug.lean:17:3: warning: unused variable `h_mi1_net_force_balance`

Note: This linter can be disabled with `set_option linter.unusedVariables false`
/Users/weizhixin/AI4Mechanics/LeanMech/tmp/manual_e_failure_analysis/.pipeline1_tmp/proof/mechlib/lean4phys-university_mechanics_Mechanics_73_University_c1_manual_aug.lean:18:3: warning: unused variable `h_mi1_newton_second_law`

Note: This linter can be disabled with `set_option linter.unusedVariables false`
/Users/weizhixin/AI4Mechanics/LeanMech/tmp/manual_e_failure_analysis/.pipeline1_tmp/proof/mechlib/lean4phys-university_mechanics_Mechanics_73_University_c1_manual_aug.lean:19:3: warning: unused variable `h_mi2_net_force_balance`

Note: This linter can be disabled with `set_option linter.unusedVariables false`
/Users/weizhixin/AI4Mechanics/LeanMech/tmp/manual_e_failure_analysis/.pipeline1_tmp/proof/mechlib/lean4phys-university_mechanics_Mechanics_73_University_c1_manual_aug.lean:20:3: warning: unused variable `h_mi2_newton_second_law`

Note: This linter can be disabled with `set_option linter.unusedVariables false`
/Users/weizhixin/AI4Mechanics/LeanMech/tmp/manual_e_failure_analysis/.pipeline1_tmp/proof/mechlib/lean4phys-university_mechanics_Mechanics_73_University_c1_manual_aug.lean:21:3: warning: unused variable `h_mi3_constraint_acceleration`

Note: This linter can be disabled with `set_option linter.unusedVariables false`
/Users/weizhixin/AI4Mechanics/LeanMech/tmp/manual_e_failure_analysis/.pipeline1_tmp/proof/mechlib/lean4phys-university_mechanics_Mechanics_73_University_c1_manual_aug.lean:22:3: warning: unused variable `h_mi3_constraint_acceleration_2`

Note: This linter can be disabled with `set_option linter.unusedVariables false`
/Users/weizhixin/AI4Mechanics/LeanMech/tmp/manual_e_failure_analysis/.pipeline1_tmp/proof/mechlib/lean4phys-university_mechanics_Mechanics_73_University_c1_manual_aug.lean:23:3: warning: unused variable `h_mi3_uniform_tension`

Note: This linter can be disabled with `set_option linter.unusedVariables false`
/Users/weizhixin/AI4Mechanics/LeanMech/tmp/manual_e_failure_analysis/.pipeline1_tmp/proof/mechlib/lean4phys-university_mechanics_Mechanics_73_University_c1_manual_aug.lean:24:3: warning: unused variable `h_mi3_uniform_tension_2`

Note: This linter can be disabled with `set_option linter.unusedVariables false`


STDERR:

